
> shubh-portfolio-26@0.1.0 build
> next build

Γû▓ Next.js 16.2.4 (Turbopack)

  Creating an optimized production build ...
node.exe : 
At line:1 char:1
+ & "C:\Program Files\nodejs/node.exe" "C:\Users\subhc\AppData\Roaming\ ...
+ ~~~~~~~~~~~~~~~~~~~~~~~~~~~~~~~~~~~~~~~~~~~~~~~~~~~~~~~~~~~~~~~~~~~~~
    + CategoryInfo          : NotSpecified: (:String) [], RemoteException
    + FullyQualifiedErrorId : NativeCommandError
 
> Build error occurred
Error: Turbopack build failed with 1 errors:
./app/globals.css
Error evaluating Node.js code
Error: It looks like you're trying to use `tailwindcss` directly as a PostCSS plugin. The PostCSS plugin has moved to 
a separate package, so to continue using Tailwind CSS with PostCSS you'll need to install `@tailwindcss/postcss` and 
update your PostCSS configuration.
    [at at (C:\Users\subhc\Music\Portfolio\shubh-portfolio-26\node_modules\tailwindcss\dist\lib.js:38:1643)]
    at pluginFactory (turbopack:///[turbopack-node]/transforms/postcss.ts:56:14) 
[C:\Users\subhc\Music\Portfolio\shubh-portfolio-26\.next\build\chunks\[root-of-the-server]__0d-m0h0._.js:139:20]
    [at <anonymous>]
    at map (turbopack:///[turbopack-node]/transforms/postcss.ts:43:33) 
[C:\Users\subhc\Music\Portfolio\shubh-portfolio-26\.next\build\chunks\[root-of-the-server]__0d-m0h0._.js:129:35]
    at init (turbopack:///[turbopack-node]/child_process/evaluate.ts:74:20) 
[C:\Users\subhc\Music\Portfolio\shubh-portfolio-26\.next\build\chunks\[root-of-the-server]__0ubbtyl._.js:429:26]
    [at process.processTicksAndRejections (node:internal/process/task_queues:103:5)]

Import trace:
  Client Component Browser:
    ./app/globals.css [Client Component Browser]
    ./app/layout.tsx [Server Component]


    at pluginFactory (turbopack:///[turbopack-node]/transforms/postcss.ts:56:14) 
[C:\Users\subhc\Music\Portfolio\shubh-portfolio-26\.next\build\chunks\[root-of-the-server]__0d-m0h0._.js:139:20])
    at map (turbopack:///[turbopack-node]/transforms/postcss.ts:43:33) 
[C:\Users\subhc\Music\Portfolio\shubh-portfolio-26\.next\build\chunks\[root-of-the-server]__0d-m0h0._.js:129:35])
    at init (turbopack:///[turbopack-node]/child_process/evaluate.ts:74:20) 
[C:\Users\subhc\Music\Portfolio\shubh-portfolio-26\.next\build\chunks\[root-of-the-server]__0ubbtyl._.js:429:26])
